Using pre-set license
Built from '6000.0/respin/6000.0.60f1-f02d6f9f9009' branch; Version is '6000.0.60f1 (61dfb374e36f) revision 6414259'; Using compiler version '193933523'; Build Type 'Release'
OS: 'Windows 10  (10.0.19045) 64bit Core' Language: 'en' Physical Memory: 32682 MB
BatchMode: 1, IsHumanControllingUs: 0, StartBugReporterOnCrash: 0, Is64bit: 1
Date: 2026-09-07T21:07:01Z

COMMAND LINE ARGUMENTS:
C:\Program Files\Unity\Hub\Editor\6000.0.60f1\Editor\Unity.exe
-adb2
-batchMode
-noUpm
-name
AssetImportWorker1
-projectPath
C:/Users/frank/Documents/Github/StarDance Platformer/Stardance Project
-logFile
Logs/AssetImportWorker1.log
-srvPort
64689
-job-worker-count
7
-background-job-worker-count
8
-gc-helper-count
1
-name
AssetImport
Successfully changed project path to: C:/Users/frank/Documents/Github/StarDance Platformer/Stardance Project
C:/Users/frank/Documents/Github/StarDance Platformer/Stardance Project
[UnityMemory] Configuration Parameters - Can be set up in boot.config
    "memorysetup-bucket-allocator-granularity=16"
    "memorysetup-bucket-allocator-bucket-count=8"
    "memorysetup-bucket-allocator-block-size=33554432"
    "memorysetup-bucket-allocator-block-count=8"
    "memorysetup-main-allocator-block-size=16777216"
    "memorysetup-thread-allocator-block-size=16777216"
    "memorysetup-gfx-main-allocator-block-size=16777216"
    "memorysetup-gfx-thread-allocator-block-size=16777216"
    "memorysetup-cache-allocator-block-size=4194304"
    "memorysetup-typetree-allocator-block-size=2097152"
    "memorysetup-profiler-bucket-allocator-granularity=16"
    "memorysetup-profiler-bucket-allocator-bucket-count=8"
    "memorysetup-profiler-bucket-allocator-block-size=33554432"
    "memorysetup-profiler-bucket-allocator-block-count=8"
    "memorysetup-profiler-allocator-block-size=16777216"
    "memorysetup-profiler-editor-allocator-block-size=1048576"
    "memorysetup-temp-allocator-size-main=16777216"
    "memorysetup-job-temp-allocator-block-size=2097152"
    "memorysetup-job-temp-allocator-block-size-background=1048576"
    "memorysetup-job-temp-allocator-reduction-small-platforms=262144"
    "memorysetup-allocator-temp-initial-block-size-main=262144"
    "memorysetup-allocator-temp-initial-block-size-worker=262144"
    "memorysetup-temp-allocator-size-background-worker=32768"
    "memorysetup-temp-allocator-size-job-worker=262144"
    "memorysetup-temp-allocator-size-preload-manager=33554432"
    "memorysetup-temp-allocator-size-nav-mesh-worker=65536"
    "memorysetup-temp-allocator-size-audio-worker=65536"
    "memorysetup-temp-allocator-size-cloud-worker=32768"
    "memorysetup-temp-allocator-size-gi-baking-worker=262144"
    "memorysetup-temp-allocator-size-gi-baking-worker=262144"
    "memorysetup-temp-allocator-size-gi-baking-worker=262144"
    "memorysetup-temp-allocator-size-gi-baking-worker=262144"
    "memorysetup-temp-allocator-size-gi-baking-worker=262144"
    "memorysetup-temp-allocator-size-gfx=262144"
Player connection [804]  Target information:

Player connection [804]  * "[IP] 10.0.0.136 [Port] 0 [Flags] 2 [Guid] 3886425896 [EditorId] 3886425896 [Version] 1048832 [Id] WindowsEditor(7,DESKTOP-G03H8AT) [Debug] 1 [PackageName] WindowsEditor [ProjectName] Editor" 

Player connection [804]  * "[IP] 26.71.94.48 [Port] 0 [Flags] 2 [Guid] 3886425896 [EditorId] 3886425896 [Version] 1048832 [Id] WindowsEditor(7,DESKTOP-G03H8AT) [Debug] 1 [PackageName] WindowsEditor [ProjectName] Editor" 

Player connection [804]  * "[IP] 10.147.18.62 [Port] 0 [Flags] 2 [Guid] 3886425896 [EditorId] 3886425896 [Version] 1048832 [Id] WindowsEditor(7,DESKTOP-G03H8AT) [Debug] 1 [PackageName] WindowsEditor [ProjectName] Editor" 

Player connection [804] Host joined multi-casting on [225.0.0.222:54997]...
Player connection [804] Host joined alternative multi-casting on [225.0.0.222:34997]...
JobSystem: Creating JobQueue using job-worker-count value 7
Input System module state changed to: Initialized.
[Physics::Module] Initialized fallback backend.
[Physics::Module] Id: 0xdecafbad
Library Redirect Path: Library/
[Physics::Module] Selected backend.
[Physics::Module] Name: PhysX
[Physics::Module] Id: 0xf2b8ea05
[Physics::Module] SDK Version: 4.1.2
[Physics::Module] Integration Version: 1.0.0
[Physics::Module] Threading Mode: Multi-Threaded
Refreshing native plugins compatible for Editor in 1.59 ms, found 3 plugins.
Preloading 0 native plugins for Editor in 0.00 ms.
Initialize engine version: 6000.0.60f1 (61dfb374e36f)
[Subsystems] Discovering subsystems at path C:/Program Files/Unity/Hub/Editor/6000.0.60f1/Editor/Data/Resources/UnitySubsystems
[Subsystems] Discovering subsystems at path C:/Users/frank/Documents/Github/StarDance Platformer/Stardance Project/Assets
GfxDevice: creating device client; kGfxThreadingModeNonThreaded
Direct3D:
    Version:  Direct3D 11.0 [level 11.1]
    Renderer: NVIDIA GeForce RTX 3060 (ID=0x2504)
    Vendor:   NVIDIA
    VRAM:     12115 MB
    Driver:   32.0.15.9579
Initialize mono
Mono path[0] = 'C:/Program Files/Unity/Hub/Editor/6000.0.60f1/Editor/Data/Managed'
Mono path[1] = 'C:/Program Files/Unity/Hub/Editor/6000.0.60f1/Editor/Data/MonoBleedingEdge/lib/mono/unityjit-win32'
Mono config path = 'C:/Program Files/Unity/Hub/Editor/6000.0.60f1/Editor/Data/MonoBleedingEdge/etc'
Using monoOptions --debugger-agent=transport=dt_socket,embedding=1,server=y,suspend=n,address=127.0.0.1:56632
Begin MonoManager ReloadAssembly
Registering precompiled unity dll's ...
Register platform support module: C:/Program Files/Unity/Hub/Editor/6000.0.60f1/Editor/Data/PlaybackEngines/WebGLSupport/UnityEditor.WebGL.Extensions.dll
Register platform support module: C:/Program Files/Unity/Hub/Editor/6000.0.60f1/Editor/Data/PlaybackEngines/MacStandaloneSupport/UnityEditor.OSXStandalone.Extensions.dll
Register platform support module: C:/Program Files/Unity/Hub/Editor/6000.0.60f1/Editor/Data/PlaybackEngines/WindowsStandaloneSupport/UnityEditor.WindowsStandalone.Extensions.dll
Registered in 0.004988 seconds.
- Loaded All Assemblies, in  0.342 seconds
Native extension for WindowsStandalone target not found
Native extension for OSXStandalone target not found
Native extension for WebGL target not found
Mono: successfully reloaded assembly
- Finished resetting the current domain, in  0.336 seconds
Domain Reload Profiling: 675ms
	BeginReloadAssembly (116ms)
		ExecutionOrderSort (0ms)
		DisableScriptedObjects (0ms)
		BackupInstance (0ms)
		ReleaseScriptingObjects (0ms)
		CreateAndSetChildDomain (1ms)
	RebuildCommonClasses (33ms)
	RebuildNativeTypeToScriptingClass (10ms)
	initialDomainReloadingComplete (47ms)
	LoadAllAssembliesAndSetupDomain (133ms)
		LoadAssemblies (112ms)
		RebuildTransferFunctionScriptingTraits (0ms)
		AnalyzeDomain (130ms)
			TypeCache.Refresh (128ms)
				TypeCache.ScanAssembly (116ms)
			BuildScriptInfoCaches (0ms)
			ResolveRequiredComponents (0ms)
	FinalizeReload (336ms)
		ReleaseScriptCaches (0ms)
		RebuildScriptCaches (0ms)
		SetupLoadedEditorAssemblies (297ms)
			LogAssemblyErrors (0ms)
			InitializePlatformSupportModulesInManaged (41ms)
			SetLoadedEditorAssemblies (3ms)
			BeforeProcessingInitializeOnLoad (48ms)
			ProcessInitializeOnLoadAttributes (157ms)
			ProcessInitializeOnLoadMethodAttributes (47ms)
			AfterProcessingInitializeOnLoad (0ms)
			EditorAssembliesLoaded (0ms)
		ExecutionOrderSort2 (0ms)
		AwakeInstancesAfterBackupRestoration (0ms)
========================================================================
Worker process is ready to serve import requests
Import Worker Mode flag is 0x00
Begin MonoManager ReloadAssembly
- Loaded All Assemblies, in  0.757 seconds
Refreshing native plugins compatible for Editor in 1.16 ms, found 3 plugins.
Native extension for WindowsStandalone target not found
Native extension for OSXStandalone target not found
Native extension for WebGL target not found
Package Manager log level set to [2]
[Package Manager] Failed to launch server process. Reason: Unity was launched with the -noUpm command-line argument
[Package Manager] Unable to send message (not connected to server process).
[Package Manager] Cannot connect to Unity Package Manager local server
[MODES] ModeService[none].Initialize
[MODES] ModeService[none].LoadModes
[MODES] Loading mode Default (0) for mode-current-id-Stardance Project
Mono: successfully reloaded assembly
- Finished resetting the current domain, in  0.827 seconds
Domain Reload Profiling: 1578ms
	BeginReloadAssembly (160ms)
		ExecutionOrderSort (0ms)
		DisableScriptedObjects (6ms)
		BackupInstance (0ms)
		ReleaseScriptingObjects (0ms)
		CreateAndSetChildDomain (29ms)
	RebuildCommonClasses (30ms)
	RebuildNativeTypeToScriptingClass (10ms)
	initialDomainReloadingComplete (39ms)
	LoadAllAssembliesAndSetupDomain (512ms)
		LoadAssemblies (381ms)
		RebuildTransferFunctionScriptingTraits (0ms)
		AnalyzeDomain (220ms)
			TypeCache.Refresh (160ms)
				TypeCache.ScanAssembly (139ms)
			BuildScriptInfoCaches (47ms)
			ResolveRequiredComponents (9ms)
	FinalizeReload (827ms)
		ReleaseScriptCaches (0ms)
		RebuildScriptCaches (0ms)
		SetupLoadedEditorAssemblies (627ms)
			LogAssemblyErrors (0ms)
			InitializePlatformSupportModulesInManaged (5ms)
			SetLoadedEditorAssemblies (4ms)
			BeforeProcessingInitializeOnLoad (142ms)
			ProcessInitializeOnLoadAttributes (368ms)
			ProcessInitializeOnLoadMethodAttributes (98ms)
			AfterProcessingInitializeOnLoad (10ms)
			EditorAssembliesLoaded (0ms)
		ExecutionOrderSort2 (0ms)
		AwakeInstancesAfterBackupRestoration (10ms)
Launched and connected shader compiler UnityShaderCompiler.exe after 0.01 seconds
Refreshing native plugins compatible for Editor in 1.45 ms, found 3 plugins.
Preloading 0 native plugins for Editor in 0.00 ms.
Unloading 14 Unused Serialized files (Serialized files now loaded: 0)
Unloading 6462 unused Assets / (4.5 MB). Loaded Objects now: 7191.
Memory consumption went from 135.9 MB to 131.4 MB.
Total: 14.709600 ms (FindLiveObjects: 1.517300 ms CreateObjectMapping: 1.581200 ms MarkObjects: 7.679000 ms  DeleteObjects: 3.930700 ms)

========================================================================
Received Import Request.
  Time since last request: 5569.738467 seconds.
  path: Assets/UI Toolkit/StyleSheet.uss
  artifactKey: Guid(84c47ccf9ebd38f43a435d9e2ab2b2f8) Importer(2089858483,192608db42251d675da83286b1cce702)
Start importing Assets/UI Toolkit/StyleSheet.uss using Guid(84c47ccf9ebd38f43a435d9e2ab2b2f8) Importer(2089858483,192608db42251d675da83286b1cce702) (ScriptedImporter) -> (artifact id: '2681f9ccf8f19652540de7a10cd42f59') in 0.1631694 seconds
Number of updated asset objects reloaded before import = 0Number of asset objects unloaded after import = 3

========================================================================
Received Import Request.
  Time since last request: 32.489220 seconds.
  path: Assets/Resources/Levels/1/3.prefab
  artifactKey: Guid(f3cf4ce04b8389a4fb9a08212d7e6756) Importer(2089858483,192608db42251d675da83286b1cce702)
Start importing Assets/Resources/Levels/1/3.prefab using Guid(f3cf4ce04b8389a4fb9a08212d7e6756) Importer(2089858483,192608db42251d675da83286b1cce702) (ScriptedImporter) -> (artifact id: '2b09e9a1fe6b9aaaf21ccee41608d38a') in 0.0495451 seconds
Number of updated asset objects reloaded before import = 0Number of asset objects unloaded after import = 61

========================================================================
Received Import Request.
  Time since last request: 531.329155 seconds.
  path: Assets/Renders/Title Text.png
  artifactKey: Guid(cc8ebfc64a9a8984a83b4683b899e3e9) Importer(815301076,1909f56bfc062723c751e8b465ee728b)
Start importing Assets/Renders/Title Text.png using Guid(cc8ebfc64a9a8984a83b4683b899e3e9) Importer(815301076,1909f56bfc062723c751e8b465ee728b) (PreviewImporter) -> (artifact id: '644bda29aa6d668df3dd7139ed3a53ff') in 0.0453488 seconds
Number of updated asset objects reloaded before import = 0Number of asset objects unloaded after import = 2

========================================================================
Received Import Request.
  Time since last request: 5.261193 seconds.
  path: Assets/AddressableAssetsData/DefaultObject.asset
  artifactKey: Guid(5a64d6ba5d49a954c93b044c8f1570d1) Importer(815301076,1909f56bfc062723c751e8b465ee728b)
Start importing Assets/AddressableAssetsData/DefaultObject.asset using Guid(5a64d6ba5d49a954c93b044c8f1570d1) Importer(815301076,1909f56bfc062723c751e8b465ee728b) (PreviewImporter) -> (artifact id: '0fd1d2c07ec3baeeebfbff584f598da6') in 0.0012397 seconds
Number of updated asset objects reloaded before import = 0Number of asset objects unloaded after import = 1

========================================================================
Received Import Request.
  Time since last request: 136.272322 seconds.
  path: Assets/Materials/Fog.mat
  artifactKey: Guid(ba43d6d2613cd54498c11aa09563a17e) Importer(2089858483,192608db42251d675da83286b1cce702)
Start importing Assets/Materials/Fog.mat using Guid(ba43d6d2613cd54498c11aa09563a17e) Importer(2089858483,192608db42251d675da83286b1cce702) (ScriptedImporter) -> (artifact id: 'f6fd07b317a16d3d299f71d4cb60d494') in 0.0247748 seconds
Number of updated asset objects reloaded before import = 0Number of asset objects unloaded after import = 2

========================================================================
Received Import Request.
  Time since last request: 345.167053 seconds.
  path: Assets/Materials/Texture Pack/128x128/Brick/Horror_Brick_13-128x128.png
  artifactKey: Guid(997fda41d89de064780e69a6feabb999) Importer(2089858483,192608db42251d675da83286b1cce702)
Start importing Assets/Materials/Texture Pack/128x128/Brick/Horror_Brick_13-128x128.png using Guid(997fda41d89de064780e69a6feabb999) Importer(2089858483,192608db42251d675da83286b1cce702) (ScriptedImporter) -> (artifact id: '1f770a659c6039da53e2a2a36ce727be') in 0.0328917 seconds
Number of updated asset objects reloaded before import = 0Number of asset objects unloaded after import = 1

========================================================================
Received Import Request.
  Time since last request: 0.000026 seconds.
  path: Assets/Materials/Texture Pack/128x128/Stone/Horror_Stone_10-128x128.png
  artifactKey: Guid(e018cd9dcb871f342873023de7e2c3b7) Importer(2089858483,192608db42251d675da83286b1cce702)
Start importing Assets/Materials/Texture Pack/128x128/Stone/Horror_Stone_10-128x128.png using Guid(e018cd9dcb871f342873023de7e2c3b7) Importer(2089858483,192608db42251d675da83286b1cce702) (ScriptedImporter) -> (artifact id: 'fbf228bebaf926b63986400737433a37') in 0.0140052 seconds
Number of updated asset objects reloaded before import = 0Number of asset objects unloaded after import = 1

========================================================================
Received Import Request.
  Time since last request: 0.000020 seconds.
  path: Assets/Materials/Texture Pack/128x128/Floor
  artifactKey: Guid(ff265c7f3a71b124ba8ed029c92273ec) Importer(2089858483,192608db42251d675da83286b1cce702)
Start importing Assets/Materials/Texture Pack/128x128/Floor using Guid(ff265c7f3a71b124ba8ed029c92273ec) Importer(2089858483,192608db42251d675da83286b1cce702) (ScriptedImporter) -> (artifact id: '25f68a10c94886fae57c3ee6b152b3ec') in 0.0037157 seconds
Number of updated asset objects reloaded before import = 0Number of asset objects unloaded after import = 1

========================================================================
Received Import Request.
  Time since last request: 0.000029 seconds.
  path: Assets/Materials/Texture Pack/128x128/Stains/Horror_Stain_13-128x128.png
  artifactKey: Guid(993fadc0c4b2efd4484e07ad6c660f20) Importer(2089858483,192608db42251d675da83286b1cce702)
Start importing Assets/Materials/Texture Pack/128x128/Stains/Horror_Stain_13-128x128.png using Guid(993fadc0c4b2efd4484e07ad6c660f20) Importer(2089858483,192608db42251d675da83286b1cce702) (ScriptedImporter) -> (artifact id: 'aa842b01e3349238e837d98a2755fb72') in 0.00926 seconds
Number of updated asset objects reloaded before import = 0Number of asset objects unloaded after import = 1

========================================================================
Received Import Request.
  Time since last request: 0.000025 seconds.
  path: Assets/Materials/Texture Pack/128x128/Stains/Horror_Stain_02-128x128.png
  artifactKey: Guid(7205c35f4684dec418d88254af3bc72c) Importer(2089858483,192608db42251d675da83286b1cce702)
Start importing Assets/Materials/Texture Pack/128x128/Stains/Horror_Stain_02-128x128.png using Guid(7205c35f4684dec418d88254af3bc72c) Importer(2089858483,192608db42251d675da83286b1cce702) (ScriptedImporter) -> (artifact id: 'b666db829983d8758d8ede7afd58e642') in 0.0100936 seconds
Number of updated asset objects reloaded before import = 0Number of asset objects unloaded after import = 1

========================================================================
Received Import Request.
  Time since last request: 0.000036 seconds.
  path: Assets/Materials/Texture Pack/128x128/Stone/Horror_Stone_02-128x128.png
  artifactKey: Guid(d910920033fe4674e9c7923fe029698f) Importer(2089858483,192608db42251d675da83286b1cce702)
Start importing Assets/Materials/Texture Pack/128x128/Stone/Horror_Stone_02-128x128.png using Guid(d910920033fe4674e9c7923fe029698f) Importer(2089858483,192608db42251d675da83286b1cce702) (ScriptedImporter) -> (artifact id: 'e0417f227f18b1d1bbe0ea6dcebe3b1d') in 0.0076914 seconds
Number of updated asset objects reloaded before import = 0Number of asset objects unloaded after import = 1

========================================================================
Received Import Request.
  Time since last request: 0.000021 seconds.
  path: Assets/Materials/Texture Pack/128x128/Metal/Horror_Metal_13-128x128.png
  artifactKey: Guid(ecc4e94c7d542474c873c7c0c23354cf) Importer(2089858483,192608db42251d675da83286b1cce702)
Start importing Assets/Materials/Texture Pack/128x128/Metal/Horror_Metal_13-128x128.png using Guid(ecc4e94c7d542474c873c7c0c23354cf) Importer(2089858483,192608db42251d675da83286b1cce702) (ScriptedImporter) -> (artifact id: '317438eb269e29f2ee863dad35bfcc7e') in 0.0079969 seconds
Number of updated asset objects reloaded before import = 0Number of asset objects unloaded after import = 1

========================================================================
Received Import Request.
  Time since last request: 0.000023 seconds.
  path: Assets/Materials/Texture Pack/128x128/Misc/Horror_Misc_15-128x128.png
  artifactKey: Guid(250494189cfd5304a8cb5629d9e3fe25) Importer(2089858483,192608db42251d675da83286b1cce702)
Start importing Assets/Materials/Texture Pack/128x128/Misc/Horror_Misc_15-128x128.png using Guid(250494189cfd5304a8cb5629d9e3fe25) Importer(2089858483,192608db42251d675da83286b1cce702) (ScriptedImporter) -> (artifact id: '5b9c0aa50d5b9d6ec01c9c71edcf0d75') in 0.0099357 seconds
Number of updated asset objects reloaded before import = 0Number of asset objects unloaded after import = 1

========================================================================
Received Import Request.
  Time since last request: 0.000036 seconds.
  path: Assets/Materials/Texture Pack/128x128/Brick/Horror_Brick_12-128x128.png
  artifactKey: Guid(005fcb7777466d24689fbc6eec22c49a) Importer(2089858483,192608db42251d675da83286b1cce702)
Start importing Assets/Materials/Texture Pack/128x128/Brick/Horror_Brick_12-128x128.png using Guid(005fcb7777466d24689fbc6eec22c49a) Importer(2089858483,192608db42251d675da83286b1cce702) (ScriptedImporter) -> (artifact id: 'd084707922eec2b312f9139a049129f4') in 0.0094348 seconds
Number of updated asset objects reloaded before import = 0Number of asset objects unloaded after import = 1

========================================================================
Received Import Request.
  Time since last request: 0.000015 seconds.
  path: Assets/Materials/Texture Pack/128x128/Stone/Horror_Stone_04-128x128.png
  artifactKey: Guid(98520d27248d50440a507d45cba6464f) Importer(2089858483,192608db42251d675da83286b1cce702)
Start importing Assets/Materials/Texture Pack/128x128/Stone/Horror_Stone_04-128x128.png using Guid(98520d27248d50440a507d45cba6464f) Importer(2089858483,192608db42251d675da83286b1cce702) (ScriptedImporter) -> (artifact id: 'aa0f17f42525296592d9088e7a7ab58d') in 0.0077936 seconds
Number of updated asset objects reloaded before import = 0Number of asset objects unloaded after import = 1

========================================================================
Received Import Request.
  Time since last request: 0.000017 seconds.
  path: Assets/Materials/Texture Pack/128x128/Metal/Horror_Metal_05-128x128.png
  artifactKey: Guid(09cbc42ef1993644dbd637f6df1601b2) Importer(2089858483,192608db42251d675da83286b1cce702)
Start importing Assets/Materials/Texture Pack/128x128/Metal/Horror_Metal_05-128x128.png using Guid(09cbc42ef1993644dbd637f6df1601b2) Importer(2089858483,192608db42251d675da83286b1cce702) (ScriptedImporter) -> (artifact id: 'fe3afc5daf3d9923219a0ce921f7d898') in 0.0086246 seconds
Number of updated asset objects reloaded before import = 0Number of asset objects unloaded after import = 1

========================================================================
Received Import Request.
  Time since last request: 0.000022 seconds.
  path: Assets/Materials/Texture Pack/128x128/Stains/Horror_Stain_04-128x128.png
  artifactKey: Guid(487ad1e70c29971419c2c4fae82ae9d1) Importer(2089858483,192608db42251d675da83286b1cce702)
Start importing Assets/Materials/Texture Pack/128x128/Stains/Horror_Stain_04-128x128.png using Guid(487ad1e70c29971419c2c4fae82ae9d1) Importer(2089858483,192608db42251d675da83286b1cce702) (ScriptedImporter) -> (artifact id: 'dc106189b9505f7f7fbd39cdaf196fa0') in 0.0084042 seconds
Number of updated asset objects reloaded before import = 0Number of asset objects unloaded after import = 1

========================================================================
Received Import Request.
  Time since last request: 0.000022 seconds.
  path: Assets/Materials/Texture Pack/128x128/Brick/Horror_Brick_02-128x128.png
  artifactKey: Guid(223b7dc3ca235384898b09e9db7b625c) Importer(2089858483,192608db42251d675da83286b1cce702)
Start importing Assets/Materials/Texture Pack/128x128/Brick/Horror_Brick_02-128x128.png using Guid(223b7dc3ca235384898b09e9db7b625c) Importer(2089858483,192608db42251d675da83286b1cce702) (ScriptedImporter) -> (artifact id: '3b5e3811d6a9f71ef5cc9e237a6c676a') in 0.0099529 seconds
Number of updated asset objects reloaded before import = 0Number of asset objects unloaded after import = 1

========================================================================
Received Import Request.
  Time since last request: 0.000033 seconds.
  path: Assets/Materials/Texture Pack/128x128/Brick/Horror_Brick_04-128x128.png
  artifactKey: Guid(7e372af9bfc61694f86d1eacde55fe2a) Importer(2089858483,192608db42251d675da83286b1cce702)
Start importing Assets/Materials/Texture Pack/128x128/Brick/Horror_Brick_04-128x128.png using Guid(7e372af9bfc61694f86d1eacde55fe2a) Importer(2089858483,192608db42251d675da83286b1cce702) (ScriptedImporter) -> (artifact id: '77ed4a35a3ea33cf2b52775f8dd47e97') in 0.0080989 seconds
Number of updated asset objects reloaded before import = 0Number of asset objects unloaded after import = 1

========================================================================
Received Import Request.
  Time since last request: 0.000064 seconds.
  path: Assets/Materials/Texture Pack/128x128/Wall/Horror_Wall_12-128x128.png
  artifactKey: Guid(715a053df0b474c4fbc2f6295dac6e80) Importer(2089858483,192608db42251d675da83286b1cce702)
Start importing Assets/Materials/Texture Pack/128x128/Wall/Horror_Wall_12-128x128.png using Guid(715a053df0b474c4fbc2f6295dac6e80) Importer(2089858483,192608db42251d675da83286b1cce702) (ScriptedImporter) -> (artifact id: '2e971f3b01caa86c3f4206f5ebcca954') in 0.0078879 seconds
Number of updated asset objects reloaded before import = 0Number of asset objects unloaded after import = 1

========================================================================
Received Import Request.
  Time since last request: 0.000019 seconds.
  path: Assets/Materials/Texture Pack/128x128/Wall/Horror_Wall_02-128x128.png
  artifactKey: Guid(91b3f6c801197b147836ed652de67623) Importer(2089858483,192608db42251d675da83286b1cce702)
Start importing Assets/Materials/Texture Pack/128x128/Wall/Horror_Wall_02-128x128.png using Guid(91b3f6c801197b147836ed652de67623) Importer(2089858483,192608db42251d675da83286b1cce702) (ScriptedImporter) -> (artifact id: '95d3bc056ded75e2fefdc0d2d1707960') in 0.007805 seconds
Number of updated asset objects reloaded before import = 0Number of asset objects unloaded after import = 1

========================================================================
Received Import Request.
  Time since last request: 0.000017 seconds.
  path: Assets/Materials/Texture Pack
  artifactKey: Guid(082cdd6789e5cb8469b6a0389fa8bcbf) Importer(2089858483,192608db42251d675da83286b1cce702)
Start importing Assets/Materials/Texture Pack using Guid(082cdd6789e5cb8469b6a0389fa8bcbf) Importer(2089858483,192608db42251d675da83286b1cce702) (ScriptedImporter) -> (artifact id: 'f9a5158956eb198943ee9c23a88de5b8') in 0.0033062 seconds
Number of updated asset objects reloaded before import = 0Number of asset objects unloaded after import = 1

========================================================================
Received Import Request.
  Time since last request: 0.000028 seconds.
  path: Assets/Materials/Texture Pack/128x128/Metal/Horror_Metal_06-128x128.png
  artifactKey: Guid(ada372aa574072b4891f86c4c1b1c236) Importer(2089858483,192608db42251d675da83286b1cce702)
Start importing Assets/Materials/Texture Pack/128x128/Metal/Horror_Metal_06-128x128.png using Guid(ada372aa574072b4891f86c4c1b1c236) Importer(2089858483,192608db42251d675da83286b1cce702) (ScriptedImporter) -> (artifact id: 'd75db29b321d889bde86dcc62e373df3') in 0.0080644 seconds
Number of updated asset objects reloaded before import = 0Number of asset objects unloaded after import = 1

========================================================================
Received Import Request.
  Time since last request: 0.000046 seconds.
  path: Assets/Materials/Texture Pack/128x128/Stone/Horror_Stone_09-128x128.png
  artifactKey: Guid(ed0d2f85fa544c44bb18e1197e9f3015) Importer(2089858483,192608db42251d675da83286b1cce702)
Start importing Assets/Materials/Texture Pack/128x128/Stone/Horror_Stone_09-128x128.png using Guid(ed0d2f85fa544c44bb18e1197e9f3015) Importer(2089858483,192608db42251d675da83286b1cce702) (ScriptedImporter) -> (artifact id: 'e5ca0d790dc140ae392bd9655834415a') in 0.0105007 seconds
Number of updated asset objects reloaded before import = 0Number of asset objects unloaded after import = 1

========================================================================
Received Import Request.
  Time since last request: 0.000018 seconds.
  path: Assets/Materials/Texture Pack/128x128/Brick
  artifactKey: Guid(3079f9bd4998632488c45171c89f3eb5) Importer(2089858483,192608db42251d675da83286b1cce702)
Start importing Assets/Materials/Texture Pack/128x128/Brick using Guid(3079f9bd4998632488c45171c89f3eb5) Importer(2089858483,192608db42251d675da83286b1cce702) (ScriptedImporter) -> (artifact id: 'cdc869989e2e2bb32cff904f1de43a72') in 0.0032503 seconds
Number of updated asset objects reloaded before import = 0Number of asset objects unloaded after import = 1

========================================================================
Received Import Request.
  Time since last request: 0.000024 seconds.
  path: Assets/Materials/Texture Pack/128x128/Misc/Horror_Misc_03-128x128.png
  artifactKey: Guid(55a1ac3cc1405b84dbcb015c13d1aa2e) Importer(2089858483,192608db42251d675da83286b1cce702)
Start importing Assets/Materials/Texture Pack/128x128/Misc/Horror_Misc_03-128x128.png using Guid(55a1ac3cc1405b84dbcb015c13d1aa2e) Importer(2089858483,192608db42251d675da83286b1cce702) (ScriptedImporter) -> (artifact id: 'f29bb0db3803a57dc4fe53c90a34bf16') in 0.0076006 seconds
Number of updated asset objects reloaded before import = 0Number of asset objects unloaded after import = 1

========================================================================
Received Import Request.
  Time since last request: 0.000024 seconds.
  path: Assets/Materials/Texture Pack/128x128/Floor/Horror_Floor_03-128x128.png
  artifactKey: Guid(2dec68c094d990344972a7ecf20a7d82) Importer(2089858483,192608db42251d675da83286b1cce702)
Start importing Assets/Materials/Texture Pack/128x128/Floor/Horror_Floor_03-128x128.png using Guid(2dec68c094d990344972a7ecf20a7d82) Importer(2089858483,192608db42251d675da83286b1cce702) (ScriptedImporter) -> (artifact id: 'cbfbc775a31bc8f805790c707b4d65c8') in 0.0094841 seconds
Number of updated asset objects reloaded before import = 0Number of asset objects unloaded after import = 1

========================================================================
Received Import Request.
  Time since last request: 0.000030 seconds.
  path: Assets/Materials/Texture Pack/128x128/Misc/Horror_Misc_11-128x128.png
  artifactKey: Guid(75a3c87072a019248a7c0c16ddc1d118) Importer(2089858483,192608db42251d675da83286b1cce702)
Start importing Assets/Materials/Texture Pack/128x128/Misc/Horror_Misc_11-128x128.png using Guid(75a3c87072a019248a7c0c16ddc1d118) Importer(2089858483,192608db42251d675da83286b1cce702) (ScriptedImporter) -> (artifact id: 'c664c318ec034536295b17f344404f37') in 0.0081388 seconds
Number of updated asset objects reloaded before import = 0Number of asset objects unloaded after import = 1

========================================================================
Received Import Request.
  Time since last request: 0.000034 seconds.
  path: Assets/Materials/Texture Pack/128x128/Metal/Horror_Metal_07-128x128.png
  artifactKey: Guid(d8fb33c166bbb19499c1b11bd9992c68) Importer(2089858483,192608db42251d675da83286b1cce702)
Start importing Assets/Materials/Texture Pack/128x128/Metal/Horror_Metal_07-128x128.png using Guid(d8fb33c166bbb19499c1b11bd9992c68) Importer(2089858483,192608db42251d675da83286b1cce702) (ScriptedImporter) -> (artifact id: '83a6249353378209effdee791ce4a235') in 0.0110809 seconds
Number of updated asset objects reloaded before import = 0Number of asset objects unloaded after import = 1

========================================================================
Received Import Request.
  Time since last request: 0.000020 seconds.
  path: Assets/Materials/Texture Pack/128x128/Floor/Horror_Floor_09-128x128.png
  artifactKey: Guid(0e0b8be67dba0354c90fa8f1c00bb73b) Importer(2089858483,192608db42251d675da83286b1cce702)
Start importing Assets/Materials/Texture Pack/128x128/Floor/Horror_Floor_09-128x128.png using Guid(0e0b8be67dba0354c90fa8f1c00bb73b) Importer(2089858483,192608db42251d675da83286b1cce702) (ScriptedImporter) -> (artifact id: 'b0dd786c4666bd42aedc58243328b07f') in 0.0090311 seconds
Number of updated asset objects reloaded before import = 0Number of asset objects unloaded after import = 1

========================================================================
Received Import Request.
  Time since last request: 0.000019 seconds.
  path: Assets/Materials/Texture Pack/License.txt
  artifactKey: Guid(b3de49238f9783a41943b21ead5dc6f9) Importer(2089858483,192608db42251d675da83286b1cce702)
Start importing Assets/Materials/Texture Pack/License.txt using Guid(b3de49238f9783a41943b21ead5dc6f9) Importer(2089858483,192608db42251d675da83286b1cce702) (ScriptedImporter) -> (artifact id: 'c529b517b7bc994e32204bb393d5c22d') in 0.0047481 seconds
Number of updated asset objects reloaded before import = 0Number of asset objects unloaded after import = 1

========================================================================
Received Import Request.
  Time since last request: 0.000022 seconds.
  path: Assets/Materials/Texture Pack/128x128/Floor/Horror_Floor_12-128x128.png
  artifactKey: Guid(76e98ed306fe2df48b3fa14070d0a4da) Importer(2089858483,192608db42251d675da83286b1cce702)
Start importing Assets/Materials/Texture Pack/128x128/Floor/Horror_Floor_12-128x128.png using Guid(76e98ed306fe2df48b3fa14070d0a4da) Importer(2089858483,192608db42251d675da83286b1cce702) (ScriptedImporter) -> (artifact id: '80f0ef652874348128fbfaed86f097b3') in 0.0099922 seconds
Number of updated asset objects reloaded before import = 0Number of asset objects unloaded after import = 1

========================================================================
Received Import Request.
  Time since last request: 0.000024 seconds.
  path: Assets/Materials/Texture Pack/128x128/Misc/Horror_Misc_09-128x128.png
  artifactKey: Guid(ea707925f953b114984bd7a8983175d0) Importer(2089858483,192608db42251d675da83286b1cce702)
Start importing Assets/Materials/Texture Pack/128x128/Misc/Horror_Misc_09-128x128.png using Guid(ea707925f953b114984bd7a8983175d0) Importer(2089858483,192608db42251d675da83286b1cce702) (ScriptedImporter) -> (artifact id: '7c48be91e60d6dce4f8bd369b4fc4a69') in 0.0085568 seconds
Number of updated asset objects reloaded before import = 0Number of asset objects unloaded after import = 1

========================================================================
Received Import Request.
  Time since last request: 0.000028 seconds.
  path: Assets/Materials/Texture Pack/128x128/Stone/Horror_Stone_14-128x128.png
  artifactKey: Guid(d913c44c1ff34274fb1d311e356913b2) Importer(2089858483,192608db42251d675da83286b1cce702)
Start importing Assets/Materials/Texture Pack/128x128/Stone/Horror_Stone_14-128x128.png using Guid(d913c44c1ff34274fb1d311e356913b2) Importer(2089858483,192608db42251d675da83286b1cce702) (ScriptedImporter) -> (artifact id: '738780052ffc39b895d23b0b213d3e51') in 0.0083234 seconds
Number of updated asset objects reloaded before import = 0Number of asset objects unloaded after import = 1

========================================================================
Received Import Request.
  Time since last request: 0.000018 seconds.
  path: Assets/Materials/Texture Pack/128x128/Stone/Horror_Stone_07-128x128.png
  artifactKey: Guid(576fc4ec1bc46114fbc63024ab48d8e6) Importer(2089858483,192608db42251d675da83286b1cce702)
Start importing Assets/Materials/Texture Pack/128x128/Stone/Horror_Stone_07-128x128.png using Guid(576fc4ec1bc46114fbc63024ab48d8e6) Importer(2089858483,192608db42251d675da83286b1cce702) (ScriptedImporter) -> (artifact id: '024ede571b01e50806e42efcfb170d0e') in 0.0080291 seconds
Number of updated asset objects reloaded before import = 0Number of asset objects unloaded after import = 1

========================================================================
Received Import Request.
  Time since last request: 0.000021 seconds.
  path: Assets/Materials/Texture Pack/128x128/Metal/Horror_Metal_10-128x128.png
  artifactKey: Guid(96c84323d64839343b530dc09acfb97f) Importer(2089858483,192608db42251d675da83286b1cce702)
Start importing Assets/Materials/Texture Pack/128x128/Metal/Horror_Metal_10-128x128.png using Guid(96c84323d64839343b530dc09acfb97f) Importer(2089858483,192608db42251d675da83286b1cce702) (ScriptedImporter) -> (artifact id: '98f281f835405c64199bb864c4a920f2') in 0.009646 seconds
Number of updated asset objects reloaded before import = 0Number of asset objects unloaded after import = 1

========================================================================
Received Import Request.
  Time since last request: 0.000019 seconds.
  path: Assets/Materials/Texture Pack/128x128/Stone/Horror_Stone_03-128x128.png
  artifactKey: Guid(deb1a993b4a035447ad359c8035a7b1c) Importer(2089858483,192608db42251d675da83286b1cce702)
Start importing Assets/Materials/Texture Pack/128x128/Stone/Horror_Stone_03-128x128.png using Guid(deb1a993b4a035447ad359c8035a7b1c) Importer(2089858483,192608db42251d675da83286b1cce702) (ScriptedImporter) -> (artifact id: '40c34dcd03f3b8f3e2b67bba415a4384') in 0.0094835 seconds
Number of updated asset objects reloaded before import = 0Number of asset objects unloaded after import = 1

========================================================================
Received Import Request.
  Time since last request: 0.000017 seconds.
  path: Assets/Materials/Texture Pack/128x128/Stone/Horror_Stone_12-128x128.png
  artifactKey: Guid(08c5a7799fcd00043a1a522131e69f36) Importer(2089858483,192608db42251d675da83286b1cce702)
Start importing Assets/Materials/Texture Pack/128x128/Stone/Horror_Stone_12-128x128.png using Guid(08c5a7799fcd00043a1a522131e69f36) Importer(2089858483,192608db42251d675da83286b1cce702) (ScriptedImporter) -> (artifact id: 'b92360511d1ba66500081f727be5745c') in 0.0076617 seconds
Number of updated asset objects reloaded before import = 0Number of asset objects unloaded after import = 1

========================================================================
Received Import Request.
  Time since last request: 0.000029 seconds.
  path: Assets/Materials/Texture Pack/128x128/Metal/Horror_Metal_02-128x128.png
  artifactKey: Guid(bcf3657bb744420408fd723db973361f) Importer(2089858483,192608db42251d675da83286b1cce702)
Start importing Assets/Materials/Texture Pack/128x128/Metal/Horror_Metal_02-128x128.png using Guid(bcf3657bb744420408fd723db973361f) Importer(2089858483,192608db42251d675da83286b1cce702) (ScriptedImporter) -> (artifact id: '36f27afbf3ab4e1a220a198b19c03747') in 0.0101056 seconds
Number of updated asset objects reloaded before import = 0Number of asset objects unloaded after import = 1

========================================================================
Received Import Request.
  Time since last request: 0.000022 seconds.
  path: Assets/Materials/Texture Pack/128x128/Floor/Horror_Floor_13-128x128.png
  artifactKey: Guid(0861cc312b485d44cbbcb1665762aeb4) Importer(2089858483,192608db42251d675da83286b1cce702)
Start importing Assets/Materials/Texture Pack/128x128/Floor/Horror_Floor_13-128x128.png using Guid(0861cc312b485d44cbbcb1665762aeb4) Importer(2089858483,192608db42251d675da83286b1cce702) (ScriptedImporter) -> (artifact id: 'a7fb891f39cd4b95eb33598ba2bcbd57') in 0.0103259 seconds
Number of updated asset objects reloaded before import = 0Number of asset objects unloaded after import = 1

========================================================================
Received Import Request.
  Time since last request: 0.000041 seconds.
  path: Assets/Materials/Texture Pack/128x128/Metal
  artifactKey: Guid(bd7a2e88a91959448abc79438128c92c) Importer(2089858483,192608db42251d675da83286b1cce702)
Start importing Assets/Materials/Texture Pack/128x128/Metal using Guid(bd7a2e88a91959448abc79438128c92c) Importer(2089858483,192608db42251d675da83286b1cce702) (ScriptedImporter) -> (artifact id: '8b1d36d2de8e82ecc9a719a0b99fffc7') in 0.0049961 seconds
Number of updated asset objects reloaded before import = 0Number of asset objects unloaded after import = 1

========================================================================
Received Import Request.
  Time since last request: 0.000022 seconds.
  path: Assets/Materials/Texture Pack/128x128/Floor/Horror_Floor_10-128x128.png
  artifactKey: Guid(f61e3759fd1c3244ea0f9dddbe30e2be) Importer(2089858483,192608db42251d675da83286b1cce702)
Start importing Assets/Materials/Texture Pack/128x128/Floor/Horror_Floor_10-128x128.png using Guid(f61e3759fd1c3244ea0f9dddbe30e2be) Importer(2089858483,192608db42251d675da83286b1cce702) (ScriptedImporter) -> (artifact id: 'ad78e23c1b30f6a14c5888ccc88adf3d') in 0.0101689 seconds
Number of updated asset objects reloaded before import = 0Number of asset objects unloaded after import = 1

========================================================================
Received Import Request.
  Time since last request: 0.000021 seconds.
  path: Assets/Materials/Texture Pack/128x128/Stains/Horror_Stain_09-128x128.png
  artifactKey: Guid(e87ac0069e4d649488e7a41ea0f640ba) Importer(2089858483,192608db42251d675da83286b1cce702)
Start importing Assets/Materials/Texture Pack/128x128/Stains/Horror_Stain_09-128x128.png using Guid(e87ac0069e4d649488e7a41ea0f640ba) Importer(2089858483,192608db42251d675da83286b1cce702) (ScriptedImporter) -> (artifact id: 'c044925f3b39c34e56be0900a534a923') in 0.009236 seconds
Number of updated asset objects reloaded before import = 0Number of asset objects unloaded after import = 1

========================================================================
Received Import Request.
  Time since last request: 0.000033 seconds.
  path: Assets/Materials/Texture Pack/128x128/Brick/Horror_Brick_07-128x128.png
  artifactKey: Guid(8b0cd8984bcc19a419dd2a11b1a5ac57) Importer(2089858483,192608db42251d675da83286b1cce702)
Start importing Assets/Materials/Texture Pack/128x128/Brick/Horror_Brick_07-128x128.png using Guid(8b0cd8984bcc19a419dd2a11b1a5ac57) Importer(2089858483,192608db42251d675da83286b1cce702) (ScriptedImporter) -> (artifact id: '5c43e0329d10f54c692998b549d3826e') in 0.0076731 seconds
Number of updated asset objects reloaded before import = 0Number of asset objects unloaded after import = 1

========================================================================
Received Import Request.
  Time since last request: 0.000020 seconds.
  path: Assets/Materials/Texture Pack/128x128/Stains/Horror_Stain_10-128x128.png
  artifactKey: Guid(77ac195ab8e0f2e4992c7c57f732cadd) Importer(2089858483,192608db42251d675da83286b1cce702)
Start importing Assets/Materials/Texture Pack/128x128/Stains/Horror_Stain_10-128x128.png using Guid(77ac195ab8e0f2e4992c7c57f732cadd) Importer(2089858483,192608db42251d675da83286b1cce702) (ScriptedImporter) -> (artifact id: 'ef67dde16cf4683baeb3a88bb4ed4384') in 0.0100283 seconds
Number of updated asset objects reloaded before import = 0Number of asset objects unloaded after import = 1

========================================================================
Received Import Request.
  Time since last request: 0.000024 seconds.
  path: Assets/Materials/Texture Pack/128x128/Brick/Horror_Brick_10-128x128.png
  artifactKey: Guid(37dd436566687c24ea791b6210239ae7) Importer(2089858483,192608db42251d675da83286b1cce702)
Start importing Assets/Materials/Texture Pack/128x128/Brick/Horror_Brick_10-128x128.png using Guid(37dd436566687c24ea791b6210239ae7) Importer(2089858483,192608db42251d675da83286b1cce702) (ScriptedImporter) -> (artifact id: 'ae3761b44ddf3c1763f94bbfbb4f50c7') in 0.0114531 seconds
Number of updated asset objects reloaded before import = 0Number of asset objects unloaded after import = 1

========================================================================
Received Import Request.
  Time since last request: 0.000016 seconds.
  path: Assets/Materials/Texture Pack/128x128/Misc
  artifactKey: Guid(a4d4f29bf3030754296c14a06ad62741) Importer(2089858483,192608db42251d675da83286b1cce702)
Start importing Assets/Materials/Texture Pack/128x128/Misc using Guid(a4d4f29bf3030754296c14a06ad62741) Importer(2089858483,192608db42251d675da83286b1cce702) (ScriptedImporter) -> (artifact id: '78febcc7317e69579d93e4224f00bebd') in 0.0038576 seconds
Number of updated asset objects reloaded before import = 0Number of asset objects unloaded after import = 1

========================================================================
Received Import Request.
  Time since last request: 0.000020 seconds.
  path: Assets/Materials/Texture Pack/128x128/Stains/Horror_Stain_12-128x128.png
  artifactKey: Guid(a257424a725dc8d4faf30ac1b6eab006) Importer(2089858483,192608db42251d675da83286b1cce702)
Start importing Assets/Materials/Texture Pack/128x128/Stains/Horror_Stain_12-128x128.png using Guid(a257424a725dc8d4faf30ac1b6eab006) Importer(2089858483,192608db42251d675da83286b1cce702) (ScriptedImporter) -> (artifact id: 'e26c7ced993efa96ed4817c63a9c1a70') in 0.0102267 seconds
Number of updated asset objects reloaded before import = 0Number of asset objects unloaded after import = 1

========================================================================
Received Import Request.
  Time since last request: 0.000080 seconds.
  path: Assets/Materials/Texture Pack/128x128/Brick/Horror_Brick_01-128x128.png
  artifactKey: Guid(82c241fb2d6f9c44f8d54fcf45da5038) Importer(2089858483,192608db42251d675da83286b1cce702)
Start importing Assets/Materials/Texture Pack/128x128/Brick/Horror_Brick_01-128x128.png using Guid(82c241fb2d6f9c44f8d54fcf45da5038) Importer(2089858483,192608db42251d675da83286b1cce702) (ScriptedImporter) -> (artifact id: 'd1575fad34ec00a46b0b8b50e2cf4a8f') in 0.00919 seconds
Number of updated asset objects reloaded before import = 0Number of asset objects unloaded after import = 1

========================================================================
Received Import Request.
  Time since last request: 0.000039 seconds.
  path: Assets/Materials/Texture Pack/128x128/Stains/Horror_Stain_01-128x128.png
  artifactKey: Guid(bb6a609d8df5f4149b6bdefe7a019576) Importer(2089858483,192608db42251d675da83286b1cce702)
Start importing Assets/Materials/Texture Pack/128x128/Stains/Horror_Stain_01-128x128.png using Guid(bb6a609d8df5f4149b6bdefe7a019576) Importer(2089858483,192608db42251d675da83286b1cce702) (ScriptedImporter) -> (artifact id: 'a4ab2245c0535091250c08101f837c0c') in 0.0125859 seconds
Number of updated asset objects reloaded before import = 0Number of asset objects unloaded after import = 1

========================================================================
Received Import Request.
  Time since last request: 0.000021 seconds.
  path: Assets/Materials/Texture Pack/128x128/Brick/Horror_Brick_14-128x128.png
  artifactKey: Guid(1d2ab2e13b12d134a9f4f92b0d70e3a6) Importer(2089858483,192608db42251d675da83286b1cce702)
Start importing Assets/Materials/Texture Pack/128x128/Brick/Horror_Brick_14-128x128.png using Guid(1d2ab2e13b12d134a9f4f92b0d70e3a6) Importer(2089858483,192608db42251d675da83286b1cce702) (ScriptedImporter) -> (artifact id: 'dc2514e97f026338f88e06d0553b39f3') in 0.0078945 seconds
Number of updated asset objects reloaded before import = 0Number of asset objects unloaded after import = 1

========================================================================
Received Import Request.
  Time since last request: 0.000020 seconds.
  path: Assets/Materials/Texture Pack/128x128/Misc/Horror_Misc_08-128x128.png
  artifactKey: Guid(8a0c072ac10b28f4d816774a858c5bc0) Importer(2089858483,192608db42251d675da83286b1cce702)
Start importing Assets/Materials/Texture Pack/128x128/Misc/Horror_Misc_08-128x128.png using Guid(8a0c072ac10b28f4d816774a858c5bc0) Importer(2089858483,192608db42251d675da83286b1cce702) (ScriptedImporter) -> (artifact id: '66d6682d02979c236d20cab642402127') in 0.0078842 seconds
Number of updated asset objects reloaded before import = 0Number of asset objects unloaded after import = 1

========================================================================
Received Import Request.
  Time since last request: 0.000026 seconds.
  path: Assets/Materials/Texture Pack/128x128/Metal/Horror_Metal_01-128x128.png
  artifactKey: Guid(9e9738a87be070d4fb68cbcbb1e949d5) Importer(2089858483,192608db42251d675da83286b1cce702)
Start importing Assets/Materials/Texture Pack/128x128/Metal/Horror_Metal_01-128x128.png using Guid(9e9738a87be070d4fb68cbcbb1e949d5) Importer(2089858483,192608db42251d675da83286b1cce702) (ScriptedImporter) -> (artifact id: 'b1a45d1784492c3e18baded9f9c63477') in 0.0139902 seconds
Number of updated asset objects reloaded before import = 0Number of asset objects unloaded after import = 1

========================================================================
Received Import Request.
  Time since last request: 0.000030 seconds.
  path: Assets/Materials/Texture Pack/128x128/Stone/Horror_Stone_01-128x128.png
  artifactKey: Guid(d428c4e3958580d4e9124fd9454261a8) Importer(2089858483,192608db42251d675da83286b1cce702)
Start importing Assets/Materials/Texture Pack/128x128/Stone/Horror_Stone_01-128x128.png using Guid(d428c4e3958580d4e9124fd9454261a8) Importer(2089858483,192608db42251d675da83286b1cce702) (ScriptedImporter) -> (artifact id: 'b798f585b74fa5d428836acad6f234a0') in 0.0191082 seconds
Number of updated asset objects reloaded before import = 0Number of asset objects unloaded after import = 1

========================================================================
Received Import Request.
  Time since last request: 0.000020 seconds.
  path: Assets/Materials/Texture Pack/128x128/Stains/Horror_Stain_06-128x128.png
  artifactKey: Guid(b98d03e53fd5948479b82f7aa6ecd430) Importer(2089858483,192608db42251d675da83286b1cce702)
Start importing Assets/Materials/Texture Pack/128x128/Stains/Horror_Stain_06-128x128.png using Guid(b98d03e53fd5948479b82f7aa6ecd430) Importer(2089858483,192608db42251d675da83286b1cce702) (ScriptedImporter) -> (artifact id: '5e788763293f7178c7b9ec3810e9f492') in 0.0086994 seconds
Number of updated asset objects reloaded before import = 0Number of asset objects unloaded after import = 1

========================================================================
Received Import Request.
  Time since last request: 0.000020 seconds.
  path: Assets/Materials/Texture Pack/128x128/Brick/Horror_Brick_11-128x128.png
  artifactKey: Guid(213877383cfd4674597cf9f3bdeee6b9) Importer(2089858483,192608db42251d675da83286b1cce702)
Start importing Assets/Materials/Texture Pack/128x128/Brick/Horror_Brick_11-128x128.png using Guid(213877383cfd4674597cf9f3bdeee6b9) Importer(2089858483,192608db42251d675da83286b1cce702) (ScriptedImporter) -> (artifact id: '24f6993765baeec3eac9083adfd544c0') in 0.0088444 seconds
Number of updated asset objects reloaded before import = 0Number of asset objects unloaded after import = 1

========================================================================
Received Import Request.
  Time since last request: 0.000019 seconds.
  path: Assets/Materials/Texture Pack/128x128/Brick/Horror_Brick_06-128x128.png
  artifactKey: Guid(52815a283e992a94c8747edd1fe81f96) Importer(2089858483,192608db42251d675da83286b1cce702)
Start importing Assets/Materials/Texture Pack/128x128/Brick/Horror_Brick_06-128x128.png using Guid(52815a283e992a94c8747edd1fe81f96) Importer(2089858483,192608db42251d675da83286b1cce702) (ScriptedImporter) -> (artifact id: '42ef2e6d45529ef602986927a0f85506') in 0.0083009 seconds
Number of updated asset objects reloaded before import = 0Number of asset objects unloaded after import = 1

========================================================================
Received Import Request.
  Time since last request: 0.000023 seconds.
  path: Assets/Materials/Texture Pack/128x128/Metal/Horror_Metal_12-128x128.png
  artifactKey: Guid(05f294a1098271c48862622020d3ffc8) Importer(2089858483,192608db42251d675da83286b1cce702)
Start importing Assets/Materials/Texture Pack/128x128/Metal/Horror_Metal_12-128x128.png using Guid(05f294a1098271c48862622020d3ffc8) Importer(2089858483,192608db42251d675da83286b1cce702) (ScriptedImporter) -> (artifact id: 'bd2873b4625bf7a2e4ac6040fb7e538c') in 0.0085633 seconds
Number of updated asset objects reloaded before import = 0Number of asset objects unloaded after import = 1

========================================================================
Received Import Request.
  Time since last request: 0.000046 seconds.
  path: Assets/Materials/Texture Pack/128x128/Floor/Horror_Floor_01-128x128.png
  artifactKey: Guid(285bf4c824f54044d8b7ff9f81b9d87e) Importer(2089858483,192608db42251d675da83286b1cce702)
Start importing Assets/Materials/Texture Pack/128x128/Floor/Horror_Floor_01-128x128.png using Guid(285bf4c824f54044d8b7ff9f81b9d87e) Importer(2089858483,192608db42251d675da83286b1cce702) (ScriptedImporter) -> (artifact id: '2c81cb5e61dad0b74771528117dcd608') in 0.010576 seconds
Number of updated asset objects reloaded before import = 0Number of asset objects unloaded after import = 1

========================================================================
Received Import Request.
  Time since last request: 0.000016 seconds.
  path: Assets/Materials/Texture Pack/128x128/Misc/Horror_Misc_14-128x128.png
  artifactKey: Guid(4eac76d01ba005b4f94c7fa69a2d2f9b) Importer(2089858483,192608db42251d675da83286b1cce702)
Start importing Assets/Materials/Texture Pack/128x128/Misc/Horror_Misc_14-128x128.png using Guid(4eac76d01ba005b4f94c7fa69a2d2f9b) Importer(2089858483,192608db42251d675da83286b1cce702) (ScriptedImporter) -> (artifact id: 'ce121098c216089adadc88fc4228eb15') in 0.0083122 seconds
Number of updated asset objects reloaded before import = 0Number of asset objects unloaded after import = 1

========================================================================
Received Import Request.
  Time since last request: 7.035373 seconds.
  path: Assets/Materials/Texture Pack/128x128/Stone/Horror_Stone_03-128x128.png
  artifactKey: Guid(deb1a993b4a035447ad359c8035a7b1c) Importer(815301076,1909f56bfc062723c751e8b465ee728b)
Start importing Assets/Materials/Texture Pack/128x128/Stone/Horror_Stone_03-128x128.png using Guid(deb1a993b4a035447ad359c8035a7b1c) Importer(815301076,1909f56bfc062723c751e8b465ee728b) (PreviewImporter) -> (artifact id: '36409fbe669c42c58f6fcf85ae7473f5') in 0.0100286 seconds
Number of updated asset objects reloaded before import = 0Number of asset objects unloaded after import = 2

========================================================================
Received Import Request.
  Time since last request: 0.000019 seconds.
  path: Assets/Materials/Texture Pack/128x128/Stone/Horror_Stone_06-128x128.png
  artifactKey: Guid(89fad41a0c9b3ca43801bf9075521020) Importer(815301076,1909f56bfc062723c751e8b465ee728b)
Start importing Assets/Materials/Texture Pack/128x128/Stone/Horror_Stone_06-128x128.png using Guid(89fad41a0c9b3ca43801bf9075521020) Importer(815301076,1909f56bfc062723c751e8b465ee728b) (PreviewImporter) -> (artifact id: '585b406bc8e3cdcef39745a77e60e12e') in 0.0069415 seconds
Number of updated asset objects reloaded before import = 0Number of asset objects unloaded after import = 2

========================================================================
Received Import Request.
  Time since last request: 0.000016 seconds.
  path: Assets/Materials/Texture Pack/128x128/Stone/Horror_Stone_07-128x128.png
  artifactKey: Guid(576fc4ec1bc46114fbc63024ab48d8e6) Importer(815301076,1909f56bfc062723c751e8b465ee728b)
Start importing Assets/Materials/Texture Pack/128x128/Stone/Horror_Stone_07-128x128.png using Guid(576fc4ec1bc46114fbc63024ab48d8e6) Importer(815301076,1909f56bfc062723c751e8b465ee728b) (PreviewImporter) -> (artifact id: '7b3c085670aea73863128ad70119cd23') in 0.0079853 seconds
Number of updated asset objects reloaded before import = 0Number of asset objects unloaded after import = 2

========================================================================
Received Import Request.
  Time since last request: 0.000020 seconds.
  path: Assets/Materials/Texture Pack/128x128/Stone/Horror_Stone_12-128x128.png
  artifactKey: Guid(08c5a7799fcd00043a1a522131e69f36) Importer(815301076,1909f56bfc062723c751e8b465ee728b)
Start importing Assets/Materials/Texture Pack/128x128/Stone/Horror_Stone_12-128x128.png using Guid(08c5a7799fcd00043a1a522131e69f36) Importer(815301076,1909f56bfc062723c751e8b465ee728b) (PreviewImporter) -> (artifact id: 'be7f0c8304db1fd73851ea4e9ec70ab6') in 0.0086474 seconds
Number of updated asset objects reloaded before import = 0Number of asset objects unloaded after import = 2

========================================================================
Received Import Request.
  Time since last request: 5.713685 seconds.
  path: Assets/Materials/Fog.mat
  artifactKey: Guid(ba43d6d2613cd54498c11aa09563a17e) Importer(2089858483,192608db42251d675da83286b1cce702)
Start importing Assets/Materials/Fog.mat using Guid(ba43d6d2613cd54498c11aa09563a17e) Importer(2089858483,192608db42251d675da83286b1cce702) (ScriptedImporter) -> (artifact id: '3a0bafbc3f2bfac124d7f33e5dadc920') in 0.0063872 seconds
Number of updated asset objects reloaded before import = 0Number of asset objects unloaded after import = 1

Editor requested this worker to shutdown with reason: Scaling down because of idle timeout
AssetImportWorker is now disconnected from the server
Process exiting
Exiting without the bug reporter. Application will terminate with return code 0